Installing dependencies...
Requirement already satisfied: hydra-core in /users/acp24red/.conda/envs/echi_recipe/lib/python3.12/site-packages (1.3.2)
Requirement already satisfied: omegaconf<2.4,>=2.2 in /users/acp24red/.conda/envs/echi_recipe/lib/python3.12/site-packages (from hydra-core) (2.3.0)
Requirement already satisfied: antlr4-python3-runtime==4.9.* in /users/acp24red/.conda/envs/echi_recipe/lib/python3.12/site-packages (from hydra-core) (4.9.3)
Requirement already satisfied: packaging in /users/acp24red/.conda/envs/echi_recipe/lib/python3.12/site-packages (from hydra-core) (25.0)
Requirement already satisfied: PyYAML>=5.1.0 in /users/acp24red/.conda/envs/echi_recipe/lib/python3.12/site-packages (from omegaconf<2.4,>=2.2->hydra-core) (6.0.2)
Channels:
 - conda-forge
 - defaults
Platform: linux-64
Collecting package metadata (repodata.json): ...working... done
Solving environment: ...working... done

# All requested packages already installed.

Collecting git+https://github.com/ftshijt/pysepm.git
  Cloning https://github.com/ftshijt/pysepm.git to /tmp/job.7588345/pip-req-build-6qpixc0x
  Resolved https://github.com/ftshijt/pysepm.git to commit e8336117d743adf59ba29ffb844297588e80831e
  Preparing metadata (pyproject.toml): started
  Preparing metadata (pyproject.toml): finished with status 'done'
Starting enhancement script...
Could not override 'model.n_srcs'.
To append to your config use +model.n_srcs=1
Key 'n_srcs' is not in struct
    full_key: model.n_srcs
    object_type=dict

Set the environment variable HYDRA_FULL_ERROR=1 for a complete stack trace.
Job completed!
